swap-root-safe-dir
swap-root-link
swap-root-file
swap-project-safe-dir
swap-project-link
swap-project-file
swap-session-safe-dir
swap-session-link
swap-session-file
wrong-euid-root
wrong-euid-project
wrong-euid-session
eexist-root-safe
eexist-root-unsafe
eexist-root-disappear
eexist-project-safe
eexist-project-unsafe
eexist-project-disappear
eexist-session-safe
eexist-session-unsafe
eexist-session-disappear
mkdir-replace-root
mkdir-replace-project
mkdir-replace-session
mkdir-failure-root
mkdir-failure-project
mkdir-failure-session
post-mkdir-disappear-root
post-mkdir-disappear-project
post-mkdir-disappear-session
open-disappear-root
open-disappear-project
open-disappear-session
final-stat-disappear-root
final-stat-disappear-project
final-stat-disappear-session
real-eio
