task-3 true file:// depth-1 checkout verification
temporary root: /tmp/aosp-task3-checkouts.2GbKJT (removed after verification)
command: git clone --depth 1 "file://$IMPLEMENTATION_WORKTREE" depth1
rc: 0
HEAD: 3f17cf66c1a13296d77ed1f900109fc1feb633c6
command: git rev-list --count HEAD
rc: 0
stdout: 1
command: test -s .git/shallow
rc: 0
shallow-byte-count: 41
note: no BASE object was referenced in this shallow graph.
command: cmp -s depth1/common/.harness/lib/resource-leases.sh prototype/common/.harness/lib/resource-leases.sh
rc: 0
command: cmp -s depth1/tests/test-resource-leases-assurance.sh prototype/tests/test-resource-leases-assurance.sh
rc: 0
candidate/depth1 provider sha256: fa6784af1824ae4dc79dca2af01b7edab3392f3e96b4d326a089273b1c228bac
candidate/depth1 assurance sha256: 0bf21e8f9d29e5a87cdcc8e962ede20143ccbf49fcb742756923f519b327690b
candidate/depth1 docs sha256: f16ea8af762fc9dfc65b5d8e96c9c42db9b9253a1c64aae5703a6cc3f5963dea
candidate/depth1 base-test sha256: d2f324a3f9ae0efef805a8cae7297d996bd7804e119b65e8cc922d69fa2a0983
candidate/depth1 provider blob: f5e79459a4d71bea7adc5308e92c2ed3b077fcf1
candidate/depth1 assurance blob: c626d54ac20de8e6d053471f3853094822dd1ae5
command: PATH=/tmp/aosp-harness-tools-04:$PATH bash ./tests/test-resource-leases-assurance.sh
rc: 0
stdout: RESULT PASS  resource lease assurance
stderr: <empty>
fixed-summary-occurrences: 1
command: PATH=/tmp/aosp-harness-tools-04:$PATH bash ./scripts/check.sh --offline
rc: 0
key exact stdout lines:
RESULT PASS  resource lease assurance
RESULT PASS  resource leases
RESULT PASS  aosp-harness offline quality gate
stderr: <empty>
offline fixed-summary-occurrences: 1
command: git status --porcelain
rc: 0
stdout: <empty>
