task=2 static verification
task_base=3ab44a5430d9038d20ec143ebe2c0846349f584e
task_head=3f17cf66c1a13296d77ed1f900109fc1feb633c6
prototype=/tmp/aosp-harness-publish-04-main.AGaEae/.spec/2026-08-31-aosp-harness-refactor/specs/2026-09-04-04a-runtime-resource-lease-assurance/prototypes/tests/test-resource-leases-assurance.sh
prototype_sha256=0bf21e8f9d29e5a87cdcc8e962ede20143ccbf49fcb742756923f519b327690b
prototype_bytes=24945
prototype_lines=396
command=cmp -s tests/test-resource-leases-assurance.sh "$prototype"
copy_cmp_rc=0
command=test "$(wc -l <tests/test-resource-leases-assurance.sh)" = 396
line_count=396
byte_count=24945
command=/tmp/aosp-harness-tools-04/shfmt -version
shfmt_version=v3.14.0
command=/tmp/aosp-harness-tools-04/shfmt -d -i 2 -ci tests/test-resource-leases-assurance.sh
shfmt_rc=0
shfmt_diff_bytes=0
command=/tmp/aosp-harness-tools-04/shellcheck --version
shellcheck_version=0.11.0
command=/tmp/aosp-harness-tools-04/shellcheck -S warning -s bash tests/test-resource-leases-assurance.sh
shellcheck_warning_rc=0
shellcheck_warning_output_bytes=0
note=The mechanically copied prototype has ShellCheck info-level findings; no warning-or-higher finding exists.
command=bash -n tests/test-resource-leases-assurance.sh
bash_n_rc=0
provider_route=/tmp/aosp-harness-publish-04-main.AGaEae/.spec/2026-08-31-aosp-harness-refactor/work/2026-09-04-04a-runtime-resource-lease-assurance/worktree/common/.harness/lib/resource-leases.sh
provider_regular_non_symlink=true
provider_seam_count=1
tracked_sha256_after_provider=fa6784af1824ae4dc79dca2af01b7edab3392f3e96b4d326a089273b1c228bac
tracked_sha256_after_docs=f16ea8af762fc9dfc65b5d8e96c9c42db9b9253a1c64aae5703a6cc3f5963dea
tracked_sha256_after_base_test=d2f324a3f9ae0efef805a8cae7297d996bd7804e119b65e8cc922d69fa2a0983
command=sha256sum provider docs/resource-leases.md tests/test-resource-leases.sh; bash ./tests/test-resource-leases-assurance.sh; sha256sum provider docs/resource-leases.md tests/test-resource-leases.sh
hash_guard_active_rc=0
hash_guard_active_elapsed_seconds=42
hash_guard_active_stdout_bytes=38
hash_guard_active_stderr_bytes=0
tracked_sha256_before_provider=fa6784af1824ae4dc79dca2af01b7edab3392f3e96b4d326a089273b1c228bac
tracked_sha256_before_docs=f16ea8af762fc9dfc65b5d8e96c9c42db9b9253a1c64aae5703a6cc3f5963dea
tracked_sha256_before_base_test=d2f324a3f9ae0efef805a8cae7297d996bd7804e119b65e8cc922d69fa2a0983
tracked_sha256_before_after_cmp_rc=0
temporary_tree_path=/tmp/aosp-harness-task2-static.7OIuKb
temporary_tree_properties=repo-external,euid-owned,0700,empty,ordinary-directory
temporary_tree_cleanup=absent
